........................................................................ [  3%]
.......sssssss..............sssssssss................................... [  6%]
........................................................................ [  9%]
...................s.......ss.ss....s........................ssssss.ssss [ 12%]
sss.s.......sss..ss.sssssssss.sssss....s...ss..sssssssssss.sss.......sss [ 15%]
.ssss............................................................s...... [ 18%]
.......sss...s.....s...s................................................ [ 22%]
......................................ssssssssssss...................... [ 25%]
........................................................................ [ 28%]
........................................................................ [ 31%]
........................................................................ [ 34%]
........................................................................ [ 37%]
........................................................................ [ 41%]
........................................................................ [ 44%]
........................................................................ [ 47%]
........................................................................ [ 50%]
........................................................................ [ 53%]
......................................................................s. [ 56%]
........................................................................ [ 60%]
........................................................................ [ 63%]
........................................................................ [ 66%]
...................s....s.......ss.s.s.........sssssss..........s....... [ 69%]
.....................ssss.............ss.s.............................. [ 72%]
..............................................................s....ss... [ 75%]
.....sss..ssss.......................................................... [ 78%]
........................................................................ [ 82%]
........................................................................ [ 85%]
........................................................................ [ 88%]
........................................................................ [ 91%]
........................................................................ [ 94%]
........................................................................ [ 97%]
................................................                         [100%]
============== 122 skipped: mlx: needs the MLX stack, absent here ==============
========== 5 skipped: cv: needs opencv-python and scipy, absent here ===========
================== 150 tests skipped: no converted checkpoint ==================
  /Users/aleksey.korzhebin/models/h3-converted is absent, so the tests that read real weights did not run — including the processor's equivalence with transformers. A green run here is not a full run.
2150 passed, 150 skipped in 477.60s (0:07:57)
